{
  "detail": "Client not found",
  "status": 404,
  "type": "about:blank",
  "title": "Not Found"
}