{
  "detail": "Client doesn't exist",
  "status": 401,
  "type": "about:blank",
  "title": "Unauthorized"
}