{
  "detail": "Invalid Token",
  "status": 401,
  "type": "about:blank",
  "title": "Unauthorized"
}